// Jest Snapshot v1, https://goo.gl/fbAQLP

exports[`<Routes> should render correctly 1`] = `
<Switch>
  <Route
    component={[Function]}
    exact={true}
    path="/"
  />
  <Route
    component={[Function]}
    path="/avatar"
  />
</Switch>
`;
